// Vitest Snapshot v1, https://vitest.dev/guide/snapshot.html

exports[`Excel formatter > should export Excel data 1`] = `"f9c04ad32df9fea42c3a810516956da9d553de3ba478bf5b0fb473e1b2c645fa"`;
